I'm sorry, but errors were detected in your script. Please correct the
errors listed below, and try again.


File "game/script.rpy", line 89: Line is followed by a block, despite not being a menu choice. Did you forget a colon at the end of the line?
    "[Back]"
            ^

Ren'Py Version: Ren'Py 6.99.12.4.2187
